exports[`test should render the react-redux Provider with a store and the TodoList 1`] = `
<Provider
  store={
    Object {
      "dispatch": [Function],
      "getState": [Function],
      "replaceReducer": [Function],
      "subscribe": [Function],
    }
  }>
  <Connect(TodoList) />
</Provider>
`;
