exports[`test should render the items from the Redux state 1`] = `
<div>
  <ul>
    <li>
      <TodoItem
        checked={true}
        onClick={[Function]}
        text="Get to Las Palmas 🌴" />
    </li>
    <li>
      <TodoItem
        checked={false}
        onClick={[Function]}
        text="Learn the basics of React 👩‍🎓" />
    </li>
    <li>
      <TodoItem
        checked={false}
        onClick={[Function]}
        text="Go surfing 🏄" />
    </li>
  </ul>
  <form
    onSubmit={[Function]}>
    <TodoInput
      onChange={[Function]} />
  </form>
</div>
`;

exports[`test should set the value of the TodoInput from the Redux state 1`] = `
<div>
  <ul />
  <form
    onSubmit={[Function]}>
    <TodoInput
      onChange={[Function]}
      value="Test value" />
  </form>
</div>
`;
